2025-06-21T11:26:05.655Z error:500 - Unauthorized user! - GET - /api/auth/current-user - ::1
2025-06-21T11:26:31.848Z error:500 - Cast to ObjectId failed for value "undefined" (type string) at path "_id" for model "Interview" - GET - /api/interview/view/undefined - ::1
2025-06-21T11:35:18.910Z error:500 - Cast to ObjectId failed for value "undefined" (type string) at path "_id" for model "Interview" - GET - /api/interview/view/undefined - ::1
2025-06-21T11:40:03.976Z error:500 - Cast to ObjectId failed for value "undefined" (type string) at path "_id" for model "Interview" - GET - /api/interview/view/undefined - ::1
2025-06-21T11:46:39.285Z error:500 - Cast to ObjectId failed for value "undefined" (type string) at path "_id" for model "Interview" - GET - /api/interview/view/undefined - ::1
2025-06-21T11:47:33.036Z error:500 - Cast to ObjectId failed for value "undefined" (type string) at path "_id" for model "Interview" - GET - /api/interview/view/undefined - ::1
2025-06-21T11:50:40.288Z error:500 - Cast to ObjectId failed for value "undefined" (type string) at path "_id" for model "Interview" - GET - /api/interview/view/undefined - ::1
2025-06-21T11:55:05.791Z error:500 - Cast to ObjectId failed for value "undefined" (type string) at path "_id" for model "Interview" - GET - /api/interview/view/undefined - ::1
2025-06-21T11:56:52.998Z error:500 - Cast to ObjectId failed for value "undefined" (type string) at path "_id" for model "Interview" - GET - /api/interview/view/undefined - ::1
2025-06-21T11:57:48.194Z error:500 - Cast to ObjectId failed for value "undefined" (type string) at path "_id" for model "Interview" - GET - /api/interview/view/undefined - ::1
2025-06-21T11:58:26.218Z error:500 - Cast to ObjectId failed for value "undefined" (type string) at path "_id" for model "Interview" - GET - /api/interview/view/undefined - ::1
2025-06-21T12:07:00.307Z error:500 - Cast to ObjectId failed for value "undefined" (type string) at path "_id" for model "Interview" - GET - /api/interview/view/undefined - ::1
2025-06-21T12:08:49.124Z error:500 - Cast to ObjectId failed for value "undefined" (type string) at path "_id" for model "Interview" - GET - /api/interview/view/undefined - ::1
2025-06-21T12:28:19.655Z error:500 - jwt expired - GET - /api/auth/current-user - ::1
2025-06-21T12:29:53.919Z error:500 - jwt expired - GET - /api/auth/current-user - ::1
2025-06-21T12:32:55.173Z error:500 - jwt expired - GET - /api/auth/current-user - ::1
2025-06-21T12:53:57.650Z error:500 - jwt expired - GET - /api/auth/current-user - ::1
2025-06-21T12:53:57.772Z error:500 - jwt expired - GET - /api/auth/current-user - ::1
2025-06-21T13:02:14.686Z error:500 - jwt expired - GET - /api/auth/current-user - ::1
2025-06-21T13:31:26.983Z error:500 - jwt expired - GET - /api/auth/current-user - ::1
2025-06-21T13:32:16.113Z error:500 - jwt expired - GET - /api/auth/current-user - ::1
2025-06-21T16:00:12.873Z error:500 - Unauthorized user! - GET - /api/auth/current-user - ::1
2025-06-21T16:22:51.020Z error:500 - Cast to ObjectId failed for value "undefined" (type string) at path "_id" for model "Interview" - GET - /api/interview/view/undefined - ::1
2025-06-21T16:56:19.108Z error:500 - Cast to ObjectId failed for value "undefined" (type string) at path "_id" for model "Interview" - GET - /api/interview/view/undefined - ::1
2025-06-21T17:27:36.579Z error:500 - jwt expired - GET - /api/auth/current-user - ::1
2025-06-21T17:41:40.843Z error:500 - jwt expired - GET - /api/interview/view-all - ::1
2025-06-21T17:41:40.846Z error:500 - jwt expired - GET - /api/auth/current-user - ::1
2025-06-21T18:12:17.768Z error:500 - Unauthorized user! - GET - /api/auth/current-user - ::1
2025-06-22T06:46:08.648Z error:500 - Unauthorized user! - GET - /api/auth/current-user - ::1
2025-06-25T11:35:36.082Z error:500 - Unauthorized user! - GET - /api/auth/current-user - ::1
2025-06-25T12:22:21.293Z error:500 - Unauthorized user! - GET - /api/auth/current-user - ::1
2025-06-25T12:23:16.027Z error:500 - Unauthorized user! - GET - /api/auth/current-user - ::1
2025-06-25T12:23:22.039Z error:500 - Unauthorized user! - GET - /api/auth/current-user - ::1
2025-06-25T12:24:01.978Z error:500 - User unauthorized - POST - /api/auth/logout - ::1
2025-06-25T13:59:50.088Z error:500 - Unauthorized user! - GET - /api/auth/current-user - ::1
2025-06-25T14:03:21.930Z error:500 - Unauthorized user! - GET - /api/auth/current-user - ::1
2025-06-25T14:03:30.873Z error:500 - Unauthorized user! - GET - /api/auth/current-user - ::1
2025-06-25T14:03:40.125Z error:500 - Unauthorized user! - GET - /api/auth/current-user - ::1
2025-06-25T14:03:48.200Z error:500 - Unauthorized user! - GET - /api/auth/current-user - ::1
2025-06-25T14:03:57.424Z error:500 - Unauthorized user! - GET - /api/auth/current-user - ::1
2025-06-25T14:06:27.676Z error:500 - Unauthorized user! - GET - /api/auth/current-user - ::1
2025-06-25T14:24:59.011Z error:500 - Cannot destructure property 'username' of 'req.body' as it is undefined. - PATCH - /api/auth/update - ::1
2025-06-25T14:35:13.995Z error:500 - Cannot destructure property 'username' of 'req.body' as it is undefined. - PATCH - /api/auth/update - ::1
2025-06-25T14:42:46.680Z error:500 - Cannot destructure property 'username' of 'req.body' as it is undefined. - PATCH - /api/auth/update - ::1
2025-06-25T14:49:06.575Z error:500 - Cannot destructure property 'username' of 'req.body' as it is undefined. - PATCH - /api/auth/update - ::1
2025-06-25T15:13:24.131Z error:500 - jwt expired - GET - /api/interview/view-all - ::1
2025-06-25T15:13:24.134Z error:500 - jwt expired - GET - /api/auth/current-user - ::1
2025-06-25T15:13:24.395Z error:500 - jwt expired - GET - /api/auth/current-user - ::1
2025-06-25T15:13:25.407Z error:500 - jwt expired - GET - /api/interview/view-all - ::1
2025-06-25T15:13:25.410Z error:500 - jwt expired - GET - /api/auth/current-user - ::1
2025-06-25T15:13:50.024Z error:500 - jwt expired - PATCH - /api/auth/update - ::1
2025-06-25T15:13:50.029Z error:500 - jwt expired - GET - /api/auth/current-user - ::1
2025-06-25T15:13:50.040Z error:500 - jwt expired - GET - /api/interview/view-all - ::1
2025-06-25T15:13:50.107Z error:500 - jwt expired - GET - /api/auth/current-user - ::1
2025-06-25T15:13:56.993Z error:500 - jwt expired - GET - /api/auth/current-user - ::1
2025-06-25T15:13:58.000Z error:500 - jwt expired - GET - /api/auth/current-user - ::1
2025-06-25T15:13:58.009Z error:500 - jwt expired - GET - /api/interview/view-all - ::1
2025-06-25T15:17:34.174Z error:500 - jwt expired - GET - /api/auth/current-user - ::1
2025-06-25T15:18:22.700Z error:500 - Unauthorized user! - GET - /api/auth/current-user - ::1
2025-06-25T15:18:36.967Z error:500 - Unauthorized user! - GET - /api/auth/current-user - ::1
2025-06-26T10:12:15.224Z error:500 - Unauthorized user! - GET - /api/auth/current-user - ::1
2025-06-26T10:18:25.006Z error:500 - Converting circular structure to JSON
    --> starting at object with constructor 'MongoClient'
    |     property 's' -> object with constructor 'Object'
    |     property 'sessionPool' -> object with constructor 'ServerSessionPool'
    --- property 'client' closes the circle - PATCH - /api/auth/update - ::1
2025-06-26T10:20:25.870Z error:500 - Converting circular structure to JSON
    --> starting at object with constructor 'MongoClient'
    |     property 's' -> object with constructor 'Object'
    |     property 'sessionPool' -> object with constructor 'ServerSessionPool'
    --- property 'client' closes the circle - PATCH - /api/auth/update - ::1
2025-06-26T10:26:59.359Z error:500 - Converting circular structure to JSON
    --> starting at object with constructor 'MongoClient'
    |     property 's' -> object with constructor 'Object'
    |     property 'sessionPool' -> object with constructor 'ServerSessionPool'
    --- property 'client' closes the circle - PATCH - /api/auth/update - ::1
2025-06-26T10:28:11.587Z error:500 - User.findone is not a function - PATCH - /api/auth/update - ::1
2025-06-26T10:36:14.202Z error:500 - Cannot destructure property 'email' of 'req.body' as it is undefined. - DELETE - /api/auth/delete - ::1
2025-06-26T10:37:27.398Z error:500 - Cannot destructure property 'email' of 'req.body' as it is undefined. - DELETE - /api/auth/delete - ::1
2025-06-26T10:38:44.887Z error:500 - Cannot destructure property 'email' of 'req.body' as it is undefined. - DELETE - /api/auth/delete - ::1
2025-06-26T10:42:05.575Z error:500 - Cannot destructure property 'email' of 'req.body' as it is undefined. - DELETE - /api/auth/delete - ::1
2025-06-26T10:42:43.587Z error:500 - Cannot destructure property 'email' of 'req.body' as it is undefined. - DELETE - /api/auth/delete - ::1
2025-06-26T10:43:21.515Z error:500 - Unauthorized user! - GET - /api/auth/current-user - ::1
2025-06-26T10:44:03.297Z error:500 - Cannot destructure property 'email' of 'req.body' as it is undefined. - DELETE - /api/auth/delete - ::1
2025-06-26T10:49:14.119Z error:500 - Cannot destructure property 'email' of 'req.body' as it is undefined. - DELETE - /api/auth/delete - ::1
2025-06-26T10:52:27.672Z error:500 - Cannot destructure property 'email' of 'req.body' as it is undefined. - DELETE - /api/auth/delete - ::1
2025-06-26T10:54:08.633Z error:500 - Cannot destructure property 'email' of 'req.body' as it is undefined. - DELETE - /api/auth/delete - ::1
2025-06-26T11:07:12.342Z error:500 - user not found - GET - /api/auth/current-user - ::1
2025-06-26T11:09:56.039Z error:500 - Unauthorized user! - GET - /api/auth/current-user - ::1
2025-06-26T11:27:14.472Z error:500 - Unauthorized user! - GET - /api/auth/current-user - ::1
2025-06-26T11:28:24.528Z error:500 - incorrect email or password  - POST - /api/auth/login - ::1
2025-06-26T11:28:24.536Z error:500 - Unauthorized user! - GET - /api/auth/current-user - ::1
2025-06-26T11:28:52.795Z error:500 - Unauthorized user! - GET - /api/auth/current-user - ::1
2025-06-26T11:29:33.918Z error:500 - user not found - GET - /api/auth/current-user - ::1
2025-06-26T12:34:16.232Z error:500 - jwt expired - POST - /api/payment/process - ::1
2025-06-26T12:34:22.657Z error:500 - jwt expired - POST - /api/payment/process - ::1
2025-06-26T12:34:24.377Z error:500 - jwt expired - POST - /api/payment/process - ::1
2025-06-26T12:34:29.076Z error:500 - jwt expired - POST - /api/payment/process - ::1
2025-06-26T12:34:36.481Z error:500 - jwt expired - POST - /api/payment/process - ::1
2025-06-26T12:34:43.536Z error:500 - jwt expired - POST - /api/payment/process - ::1
2025-06-26T12:36:53.482Z error:500 - jwt expired - GET - /api/auth/current-user - ::1
2025-06-26T12:36:57.973Z error:500 - jwt expired - GET - /api/interview/view-all - ::1
2025-06-26T12:36:57.976Z error:500 - jwt expired - GET - /api/auth/current-user - ::1
2025-06-26T12:37:20.392Z error:500 - jwt expired - GET - /api/auth/current-user - ::1
2025-06-26T12:37:53.821Z error:500 - Cast to ObjectId failed for value "undefined" (type string) at path "_id" for model "Interview" - GET - /api/interview/view/undefined - ::1
2025-06-26T12:38:10.824Z error:500 - Cast to ObjectId failed for value "undefined" (type string) at path "_id" for model "Interview" - GET - /api/interview/view/undefined - ::1
2025-06-26T12:39:02.556Z error:500 - Payment verification failed - POST - /api/payment/verify - ::1
2025-06-26T12:44:17.118Z error:500 - Payment verification failed - POST - /api/payment/verify - ::1
2025-06-26T12:47:54.692Z error:500 - Payment verification failed - POST - /api/payment/verify - ::1
2025-06-26T13:40:21.414Z error:500 - jwt expired - POST - /api/payment/process - ::1
2025-06-26T13:40:23.288Z error:500 - jwt expired - POST - /api/payment/process - ::1
2025-06-26T13:40:28.993Z error:500 - jwt expired - GET - /api/auth/current-user - ::1
2025-06-26T13:40:32.652Z error:500 - jwt expired - GET - /api/auth/current-user - ::1
2025-06-26T13:40:36.596Z error:500 - jwt expired - GET - /api/auth/current-user - ::1
2025-06-26T16:39:10.017Z error:500 - Unauthorized user! - GET - /api/auth/current-user - ::1
2025-06-26T16:40:13.222Z error:500 - Cast to ObjectId failed for value "undefined" (type string) at path "_id" for model "Interview" - GET - /api/interview/view/undefined - ::1
2025-06-26T16:40:33.034Z error:500 - Cast to ObjectId failed for value "undefined" (type string) at path "_id" for model "Interview" - GET - /api/interview/view/undefined - ::1
2025-06-26T17:03:55.614Z error:500 - Cast to ObjectId failed for value "undefined" (type string) at path "_id" for model "Interview" - GET - /api/interview/view/undefined - ::1
2025-06-26T17:43:53.531Z error:500 - Unauthorized user! - GET - /api/auth/current-user - ::1
2025-06-26T17:44:33.689Z error:500 - Unauthorized user! - GET - /api/auth/current-user - ::1
2025-06-26T17:44:38.745Z error:500 - Unauthorized user! - GET - /api/auth/current-user - ::1
2025-06-26T17:45:17.130Z error:500 - Unauthorized user! - GET - /api/auth/current-user - ::1
2025-06-26T17:45:22.070Z error:500 - Unauthorized user! - GET - /api/auth/current-user - ::1
2025-06-26T17:45:24.093Z error:500 - Unauthorized user! - GET - /api/auth/current-user - ::1
2025-06-26T17:46:13.624Z error:500 - Unauthorized user! - GET - /api/auth/current-user - ::1
2025-06-26T17:48:19.429Z error:500 - Unauthorized user! - GET - /api/auth/current-user - ::1
2025-06-26T17:48:22.061Z error:500 - Unauthorized user! - GET - /api/auth/current-user - ::1
2025-06-26T17:48:24.092Z error:500 - Unauthorized user! - GET - /api/auth/current-user - ::1
2025-06-26T17:48:28.067Z error:500 - Unauthorized user! - GET - /api/auth/current-user - ::1
2025-06-26T17:48:29.723Z error:500 - Unauthorized user! - GET - /api/auth/current-user - ::1
2025-06-26T17:48:32.027Z error:500 - Unauthorized user! - GET - /api/auth/current-user - ::1
2025-06-26T17:48:37.101Z error:500 - Unauthorized user! - GET - /api/auth/current-user - ::1
2025-06-27T05:43:06.181Z error:500 - Unauthorized user! - GET - /api/auth/current-user - ::1
2025-06-27T05:47:44.494Z error:500 - Cast to ObjectId failed for value "undefined" (type string) at path "_id" for model "Interview" - GET - /api/interview/view/undefined - ::1
2025-06-27T05:48:59.972Z error:500 - Unauthorized user! - GET - /api/auth/current-user - ::1
2025-06-27T07:19:24.586Z error:500 - jwt expired - GET - /api/auth/current-user - ::1
2025-06-27T07:27:00.411Z error:500 - Unauthorized user! - GET - /api/auth/current-user - ::1
2025-06-27T07:28:37.477Z error:500 - Cast to ObjectId failed for value "undefined" (type string) at path "_id" for model "Interview" - GET - /api/interview/view/undefined - ::1
2025-06-27T07:45:22.454Z error:500 - Cast to ObjectId failed for value "undefined" (type string) at path "_id" for model "Interview" - GET - /api/interview/view/undefined - ::1
2025-06-27T09:19:32.914Z error:500 - jwt expired - GET - /api/auth/current-user - ::1
2025-06-27T10:44:13.774Z error:500 - Cast to ObjectId failed for value "undefined" (type string) at path "_id" for model "Interview" - GET - /api/interview/view/undefined - ::1
2025-06-27T10:53:13.929Z error:500 - user.totalTime.push is not a function - PUT - /api/interview/end/685e77e7a9c07667546a1939 - ::1
2025-06-27T11:00:48.138Z error:500 - user.totalTime.push is not a function - PUT - /api/interview/end/685e79b3055ca1c6c07a72dd - ::1
2025-06-27T11:09:57.508Z error:500 - Cast to ObjectId failed for value "undefined" (type string) at path "_id" for model "Interview" - GET - /api/interview/view/undefined - ::1
2025-06-27T11:13:58.533Z error:500 - Cast to ObjectId failed for value "undefined" (type string) at path "_id" for model "Interview" - GET - /api/interview/view/undefined - ::1
2025-06-27T11:15:10.314Z error:500 - Cast to ObjectId failed for value "undefined" (type string) at path "_id" for model "Interview" - GET - /api/interview/view/undefined - ::1
2025-06-27T11:16:21.603Z error:500 - jwt expired - GET - /api/auth/current-user - ::1
2025-06-27T11:16:21.612Z error:500 - jwt expired - GET - /api/interview/view-all - ::1
2025-06-27T11:16:24.352Z error:500 - jwt expired - GET - /api/interview/view-all - ::1
2025-06-27T11:16:24.353Z error:500 - jwt expired - GET - /api/auth/current-user - ::1
2025-06-27T11:16:39.454Z error:500 - jwt expired - GET - /api/auth/current-user - ::1
2025-06-27T11:56:03.231Z error:500 - Cast to ObjectId failed for value "undefined" (type string) at path "_id" for model "Interview" - GET - /api/interview/view/undefined - ::1
2025-06-27T12:03:47.116Z error:500 - Cast to ObjectId failed for value "undefined" (type string) at path "_id" for model "Interview" - GET - /api/interview/view/undefined - ::1
2025-06-27T12:20:50.555Z error:500 - jwt expired - GET - /api/interview/view-all - ::1
2025-06-27T12:20:50.563Z error:500 - jwt expired - GET - /api/auth/current-user - ::1
2025-06-27T12:21:10.464Z error:500 - jwt expired - GET - /api/auth/current-user - ::1
2025-06-27T12:23:10.859Z error:500 - Unauthorized user! - GET - /api/auth/current-user - ::1
2025-06-27T12:34:26.236Z error:500 - Cannot destructure property 'jobTitle' of 'req.body' as it is undefined. - POST - /api/interview/create - ::1
2025-06-27T12:34:27.560Z error:500 - Cannot destructure property 'jobTitle' of 'req.body' as it is undefined. - POST - /api/interview/create - ::1
2025-06-27T12:34:28.502Z error:500 - Cannot destructure property 'jobTitle' of 'req.body' as it is undefined. - POST - /api/interview/create - ::1
2025-06-27T12:34:30.445Z error:500 - Cannot destructure property 'jobTitle' of 'req.body' as it is undefined. - POST - /api/interview/create - ::1
2025-06-27T12:34:55.432Z error:500 - Interview validation failed: interviewType: `technical` is not a valid enum value for path `interviewType`., interviewLevel: `beginner` is not a valid enum value for path `interviewLevel`. - POST - /api/interview/create - ::1
2025-06-27T12:34:56.118Z error:500 - Interview validation failed: interviewType: `technical` is not a valid enum value for path `interviewType`., interviewLevel: `beginner` is not a valid enum value for path `interviewLevel`. - POST - /api/interview/create - ::1
2025-06-27T12:34:56.309Z error:500 - Interview validation failed: interviewType: `technical` is not a valid enum value for path `interviewType`., interviewLevel: `beginner` is not a valid enum value for path `interviewLevel`. - POST - /api/interview/create - ::1
2025-06-27T12:34:57.316Z error:500 - Interview validation failed: interviewType: `technical` is not a valid enum value for path `interviewType`., interviewLevel: `beginner` is not a valid enum value for path `interviewLevel`. - POST - /api/interview/create - ::1
2025-06-27T12:35:39.249Z error:500 - Interview validation failed: interviewType: `technical` is not a valid enum value for path `interviewType`., interviewLevel: `beginner` is not a valid enum value for path `interviewLevel`. - POST - /api/interview/create - ::1
2025-06-27T12:39:45.808Z error:500 - Interview validation failed: interviewType: `technical` is not a valid enum value for path `interviewType`., interviewLevel: `beginner` is not a valid enum value for path `interviewLevel`. - POST - /api/interview/create - ::1
2025-06-27T12:39:49.048Z error:500 - Interview validation failed: interviewType: `technical` is not a valid enum value for path `interviewType`., interviewLevel: `beginner` is not a valid enum value for path `interviewLevel`. - POST - /api/interview/create - ::1
2025-06-27T12:44:01.107Z error:500 - Cast to ObjectId failed for value "undefined" (type string) at path "_id" for model "Interview" - GET - /api/interview/view/undefined - ::1
2025-06-30T06:12:02.675Z error:500 - Unauthorized user! - GET - /api/auth/current-user - ::1
2025-06-30T06:52:26.302Z error:500 - Unauthorized user! - GET - /api/auth/current-user - ::1
2025-06-30T07:39:03.490Z error:500 - Unauthorized user! - GET - /api/auth/current-user - ::1
2025-06-30T07:42:37.279Z error:500 - Cast to ObjectId failed for value "undefined" (type string) at path "_id" for model "Interview" - GET - /api/interview/view/undefined - ::1
2025-06-30T07:49:01.368Z error:500 - Cast to ObjectId failed for value "undefined" (type string) at path "_id" for model "Interview" - GET - /api/interview/view/undefined - ::1
2025-06-30T07:49:12.108Z error:500 - Cast to ObjectId failed for value "undefined" (type string) at path "_id" for model "Interview" - GET - /api/interview/view/undefined - ::1
2025-06-30T07:49:57.656Z error:500 - Unauthorized user! - GET - /api/auth/current-user - ::1
2025-06-30T07:52:19.619Z error:500 - Cast to ObjectId failed for value "undefined" (type string) at path "_id" for model "Interview" - GET - /api/interview/view/undefined - ::1
2025-06-30T08:34:25.758Z error:500 - Unauthorized user! - GET - /api/auth/current-user - ::1
2025-06-30T08:38:18.278Z error:500 - Cast to ObjectId failed for value "undefined" (type string) at path "_id" for model "Interview" - GET - /api/interview/view/undefined - ::1
2025-06-30T08:45:06.026Z error:500 - Unauthorized user! - GET - /api/auth/current-user - ::1
2025-06-30T08:47:48.374Z error:500 - Cast to ObjectId failed for value "undefined" (type string) at path "_id" for model "Interview" - GET - /api/interview/view/undefined - ::1
2025-06-30T09:30:54.568Z error:500 - Unauthorized user! - GET - /api/auth/current-user - ::1
2025-06-30T09:31:38.417Z error:500 - Cast to ObjectId failed for value "undefined" (type string) at path "_id" for model "Interview" - GET - /api/interview/view/undefined - ::1
2025-06-30T09:56:57.491Z error:500 - Cast to ObjectId failed for value "undefined" (type string) at path "_id" for model "Interview" - GET - /api/interview/view/undefined - ::1
2025-06-30T10:21:55.317Z error:500 - Cast to ObjectId failed for value "undefined" (type string) at path "_id" for model "Interview" - GET - /api/interview/view/undefined - ::1
2025-06-30T10:22:04.069Z error:500 - Cast to ObjectId failed for value "undefined" (type string) at path "_id" for model "Interview" - GET - /api/interview/view/undefined - ::1
2025-06-30T10:23:43.288Z error:500 - Cast to ObjectId failed for value "undefined" (type string) at path "_id" for model "Interview" - GET - /api/interview/view/undefined - ::1
2025-06-30T10:23:56.645Z error:500 - Cast to ObjectId failed for value "undefined" (type string) at path "_id" for model "Interview" - GET - /api/interview/view/undefined - ::1
2025-06-30T10:37:38.842Z error:500 - Cast to ObjectId failed for value "undefined" (type string) at path "_id" for model "Interview" - GET - /api/interview/view/undefined - ::1
2025-06-30T10:40:40.924Z error:500 - Cast to ObjectId failed for value "undefined" (type string) at path "_id" for model "Interview" - GET - /api/interview/view/undefined - ::1
2025-06-30T10:53:35.247Z error:500 - jwt expired - GET - /api/auth/current-user - ::1
2025-06-30T10:55:03.187Z error:500 - jwt expired - GET - /api/auth/current-user - ::1
2025-06-30T10:55:23.170Z error:500 - jwt expired - GET - /api/auth/current-user - ::1
2025-06-30T10:55:25.250Z error:500 - jwt expired - GET - /api/interview/view-all - ::1
2025-06-30T10:55:25.252Z error:500 - jwt expired - GET - /api/auth/current-user - ::1
2025-06-30T10:55:28.628Z error:500 - jwt expired - GET - /api/interview/view-all - ::1
2025-06-30T10:55:28.629Z error:500 - jwt expired - GET - /api/auth/current-user - ::1
2025-06-30T10:55:40.518Z error:500 - jwt expired - GET - /api/interview/view-all - ::1
2025-06-30T10:55:40.521Z error:500 - jwt expired - GET - /api/auth/current-user - ::1
2025-06-30T10:57:29.819Z error:500 - jwt expired - GET - /api/auth/current-user - ::1
2025-06-30T10:57:33.993Z error:500 - jwt expired - GET - /api/auth/current-user - ::1
2025-06-30T11:03:04.510Z error:500 - Unauthorized user! - GET - /api/auth/current-user - ::1
2025-06-30T11:03:46.375Z error:500 - Unauthorized user! - GET - /api/auth/current-user - ::1
2025-06-30T11:04:17.935Z error:500 - Unauthorized user! - GET - /api/auth/current-user - ::1
2025-06-30T11:07:45.999Z error:500 - Unauthorized user! - GET - /api/auth/current-user - ::1
2025-06-30T11:07:49.992Z error:500 - Unauthorized user! - GET - /api/auth/current-user - ::1
2025-06-30T11:07:52.363Z error:500 - Unauthorized user! - GET - /api/auth/current-user - ::1
2025-06-30T11:08:01.093Z error:500 - Unauthorized user! - GET - /api/auth/current-user - ::1
2025-06-30T11:08:46.201Z error:500 - Unauthorized user! - GET - /api/auth/current-user - ::1
2025-06-30T11:09:32.351Z error:500 - Unauthorized user! - GET - /api/auth/current-user - ::1
2025-06-30T11:09:32.356Z error:500 - Unauthorized user! - GET - /api/auth/current-user - ::1
2025-06-30T11:09:32.362Z error:500 - Unauthorized user! - GET - /api/auth/current-user - ::1
2025-06-30T11:09:32.365Z error:500 - Unauthorized user! - GET - /api/auth/current-user - ::1
2025-06-30T11:09:35.340Z error:500 - Unauthorized user! - GET - /api/auth/current-user - ::1
2025-06-30T11:09:35.346Z error:500 - Unauthorized user! - GET - /api/auth/current-user - ::1
2025-06-30T11:09:35.350Z error:500 - Unauthorized user! - GET - /api/auth/current-user - ::1
2025-06-30T11:09:35.354Z error:500 - Unauthorized user! - GET - /api/auth/current-user - ::1
2025-06-30T11:09:53.357Z error:500 - Unauthorized user! - GET - /api/auth/current-user - ::1
2025-06-30T11:10:03.710Z error:500 - Unauthorized user! - GET - /api/auth/current-user - ::1
2025-06-30T11:10:09.674Z error:500 - Unauthorized user! - GET - /api/auth/current-user - ::1
2025-06-30T11:10:22.193Z error:500 - Unauthorized user! - GET - /api/auth/current-user - ::1
2025-06-30T11:10:25.384Z error:500 - Unauthorized user! - GET - /api/auth/current-user - ::1
2025-06-30T11:10:32.101Z error:500 - Unauthorized user! - GET - /api/auth/current-user - ::1
2025-06-30T11:10:46.244Z error:500 - Unauthorized user! - GET - /api/auth/current-user - ::1
2025-06-30T11:11:14.286Z error:500 - Unauthorized user! - GET - /api/auth/current-user - ::1
2025-06-30T11:11:20.390Z error:500 - Unauthorized user! - GET - /api/auth/current-user - ::1
2025-06-30T11:12:13.516Z error:500 - Unauthorized user! - POST - /api/payment/process - ::1
2025-06-30T11:12:20.290Z error:500 - Unauthorized user! - POST - /api/payment/process - ::1
2025-06-30T11:12:22.011Z error:500 - Unauthorized user! - POST - /api/payment/process - ::1
2025-06-30T11:12:24.238Z error:500 - Unauthorized user! - POST - /api/payment/process - ::1
2025-06-30T11:12:25.529Z error:500 - Unauthorized user! - POST - /api/payment/process - ::1
2025-06-30T11:12:26.345Z error:500 - Unauthorized user! - POST - /api/payment/process - ::1
2025-06-30T11:12:26.352Z error:500 - Unauthorized user! - POST - /api/payment/process - ::1
2025-06-30T11:13:02.416Z error:500 - Unauthorized user! - POST - /api/payment/process - ::1
2025-06-30T11:13:03.524Z error:500 - Unauthorized user! - POST - /api/payment/process - ::1
2025-06-30T11:13:03.883Z error:500 - Unauthorized user! - POST - /api/payment/process - ::1
2025-06-30T11:13:03.885Z error:500 - Unauthorized user! - POST - /api/payment/process - ::1
2025-06-30T11:13:06.127Z error:500 - Unauthorized user! - POST - /api/payment/process - ::1
2025-06-30T11:13:07.094Z error:500 - Unauthorized user! - POST - /api/payment/process - ::1
2025-06-30T11:13:18.988Z error:500 - Unauthorized user! - POST - /api/payment/process - ::1
2025-06-30T11:13:18.991Z error:500 - Unauthorized user! - POST - /api/payment/process - ::1
2025-06-30T11:13:19.725Z error:500 - Unauthorized user! - POST - /api/payment/process - ::1
2025-06-30T11:13:27.021Z error:500 - Unauthorized user! - POST - /api/payment/process - ::1
2025-06-30T11:13:32.857Z error:500 - Unauthorized user! - POST - /api/payment/process - ::1
2025-06-30T11:26:48.281Z error:500 - Unauthorized user! - GET - /api/auth/current-user - ::1
2025-06-30T11:27:09.851Z error:500 - Unauthorized user! - GET - /api/auth/current-user - ::1
2025-06-30T11:42:03.794Z error:500 - Cast to ObjectId failed for value "undefined" (type string) at path "_id" for model "Interview" - GET - /api/interview/view/undefined - ::1
2025-06-30T11:42:22.439Z error:500 - Cast to ObjectId failed for value "undefined" (type string) at path "_id" for model "Interview" - GET - /api/interview/view/undefined - ::1
2025-06-30T11:48:35.688Z error:500 - Cast to ObjectId failed for value "undefined" (type string) at path "_id" for model "Interview" - GET - /api/interview/view/undefined - ::1
2025-06-30T12:43:14.312Z error:500 - jwt expired - GET - /api/auth/current-user - ::1
2025-06-30T12:43:16.215Z error:500 - jwt expired - GET - /api/interview/view-all - ::1
2025-06-30T12:43:16.218Z error:500 - jwt expired - GET - /api/auth/current-user - ::1
2025-06-30T12:43:18.764Z error:500 - jwt expired - GET - /api/auth/current-user - ::1
2025-06-30T12:43:19.612Z error:500 - jwt expired - GET - /api/interview/view-all - ::1
2025-06-30T12:43:19.615Z error:500 - jwt expired - GET - /api/auth/current-user - ::1
2025-06-30T12:44:27.352Z error:500 - jwt expired - GET - /api/auth/current-user - ::1
2025-06-30T12:44:27.357Z error:500 - jwt expired - GET - /api/interview/view-all - ::1
2025-06-30T12:44:40.336Z error:500 - jwt expired - GET - /api/interview/view-all - ::1
2025-06-30T12:44:40.338Z error:500 - jwt expired - GET - /api/auth/current-user - ::1
2025-06-30T12:45:29.404Z error:500 - jwt expired - GET - /api/auth/current-user - ::1
2025-06-30T12:45:29.447Z error:500 - jwt expired - GET - /api/interview/view-all - ::1
2025-06-30T12:45:54.344Z error:500 - jwt expired - GET - /api/interview/view-all - ::1
2025-06-30T12:45:54.345Z error:500 - jwt expired - GET - /api/auth/current-user - ::1
2025-06-30T12:45:57.672Z error:500 - jwt expired - GET - /api/interview/view-all - ::1
2025-06-30T12:45:57.674Z error:500 - jwt expired - GET - /api/auth/current-user - ::1
2025-06-30T12:46:00.411Z error:500 - jwt expired - GET - /api/auth/current-user - ::1
2025-06-30T12:47:09.545Z error:500 - Unauthorized user! - GET - /api/auth/current-user - ::1
2025-06-30T12:48:26.101Z error:500 - Unauthorized user! - GET - /api/auth/current-user - ::1
2025-06-30T12:50:55.323Z error:500 - Cast to ObjectId failed for value "undefined" (type string) at path "_id" for model "Interview" - GET - /api/interview/view/undefined - ::1
2025-06-30T18:52:24.662Z error:500 - Unauthorized user! - GET - /api/auth/current-user - ::1
2025-06-30T19:01:46.123Z error:500 - Cast to ObjectId failed for value "undefined" (type string) at path "_id" for model "Interview" - GET - /api/interview/view/undefined - ::1
2025-06-30T19:02:02.166Z error:500 - Cast to ObjectId failed for value "undefined" (type string) at path "_id" for model "Interview" - GET - /api/interview/view/undefined - ::1
2025-06-30T19:03:00.919Z error:500 - Cast to ObjectId failed for value "undefined" (type string) at path "_id" for model "Interview" - GET - /api/interview/view/undefined - ::1
2025-06-30T19:03:09.312Z error:500 - Cast to ObjectId failed for value "undefined" (type string) at path "_id" for model "Interview" - GET - /api/interview/view/undefined - ::1
2025-06-30T19:08:28.311Z error:500 - Cast to ObjectId failed for value "undefined" (type string) at path "_id" for model "Interview" - GET - /api/interview/view/undefined - ::1
2025-06-30T19:42:03.929Z error:500 - Cast to ObjectId failed for value "undefined" (type string) at path "_id" for model "Interview" - GET - /api/interview/view/undefined - ::1
2025-06-30T20:03:16.507Z error:500 - jwt expired - GET - /api/auth/current-user - ::1
2025-06-30T20:03:46.653Z error:500 - jwt expired - GET - /api/auth/current-user - ::1
2025-06-30T20:15:23.538Z error:500 - Unauthorized user! - GET - /api/auth/current-user - ::1
2025-06-30T20:19:12.042Z error:500 - Email and username are required - PATCH - /api/auth/update-feedback - ::1
2025-06-30T20:21:08.033Z error:500 - Email and username are required - PATCH - /api/auth/update-feedback - ::1
2025-06-30T20:21:35.966Z error:500 - Email and username are required - PATCH - /api/auth/update-feedback - ::1
